propietario@propietario-ASUS-TUF-Gaming-F15-FX506LH-FX506LH:~/Documentos/ISI/GIT$ mkdir ejercicio-3
propietario@propietario-ASUS-TUF-Gaming-F15-FX506LH-FX506LH:~/Documentos/ISI/GIT$ cd ejercicio-3
propietario@propietario-ASUS-TUF-Gaming-F15-FX506LH-FX506LH:~/Documentos/ISI/GIT/ejercicio-3$ git init
ayuda: Usando 'master' como el nombre de la rama inicial. Este nombre de rama predeterminado
ayuda: está sujeto a cambios. Para configurar el nombre de la rama inicial para usar en todos
ayuda: de sus nuevos repositorios, reprimiendo esta advertencia, llama a:
ayuda: 
ayuda: 	git config --global init.defaultBranch <nombre>
ayuda: 
ayuda: Los nombres comúnmente elegidos en lugar de 'master' son 'main', 'trunk' y
ayuda: 'development'. Se puede cambiar el nombre de la rama recién creada mediante este comando:
ayuda: 
ayuda: 	git branch -m <nombre>
Inicializado repositorio Git vacío en /home/propietario/Documentos/ISI/GIT/ejercicio-3/.git/
propietario@propietario-ASUS-TUF-Gaming-F15-FX506LH-FX506LH:~/Documentos/ISI/GIT/ejercicio-3$ echo "Leche" > s1
propietario@propietario-ASUS-TUF-Gaming-F15-FX506LH-FX506LH:~/Documentos/ISI/GIT/ejercicio-3$ echo "Tomate pelado" >> s1
propietario@propietario-ASUS-TUF-Gaming-F15-FX506LH-FX506LH:~/Documentos/ISI/GIT/ejercicio-3$ echo "Tomate ecológico" >> s1
propietario@propietario-ASUS-TUF-Gaming-F15-FX506LH-FX506LH:~/Documentos/ISI/GIT/ejercicio-3$ echo "Queso" >> s1
propietario@propietario-ASUS-TUF-Gaming-F15-FX506LH-FX506LH:~/Documentos/ISI/GIT/ejercicio-3$ echo "Yoghourt griego" >> s1
propietario@propietario-ASUS-TUF-Gaming-F15-FX506LH-FX506LH:~/Documentos/ISI/GIT/ejercicio-3$ cat s1
Leche
Tomate pelado
Tomate ecológico
Queso
Yoghourt griego
propietario@propietario-ASUS-TUF-Gaming-F15-FX506LH-FX506LH:~/Documentos/ISI/GIT/ejercicio-3$ git add s1
propietario@propietario-ASUS-TUF-Gaming-F15-FX506LH-FX506LH:~/Documentos/ISI/GIT/ejercicio-3$ git commit -m "creado s1"
[master (commit-raíz) 1b2b9f4] creado s1
 1 file changed, 5 insertions(+)
 create mode 100644 s1
propietario@propietario-ASUS-TUF-Gaming-F15-FX506LH-FX506LH:~/Documentos/ISI/GIT/ejercicio-3$ alias gitgraph="git log --all --decorate --oneline --graph"
propietario@propietario-ASUS-TUF-Gaming-F15-FX506LH-FX506LH:~/Documentos/ISI/GIT/ejercicio-3$ gitgraph
* 1b2b9f4 (HEAD -> master) creado s1
propietario@propietario-ASUS-TUF-Gaming-F15-FX506LH-FX506LH:~/Documentos/ISI/GIT/ejercicio-3$ cat s1 > s2
propietario@propietario-ASUS-TUF-Gaming-F15-FX506LH-FX506LH:~/Documentos/ISI/GIT/ejercicio-3$ cat s2
Leche
Tomate pelado
Tomate ecológico
Queso
Yoghourt griego
propietario@propietario-ASUS-TUF-Gaming-F15-FX506LH-FX506LH:~/Documentos/ISI/GIT/ejercicio-3$ git add s2
propietario@propietario-ASUS-TUF-Gaming-F15-FX506LH-FX506LH:~/Documentos/ISI/GIT/ejercicio-3$ git commit -m "creado s2"
[master 37c06b4] creado s2
 1 file changed, 5 insertions(+)
 create mode 100644 s2
propietario@propietario-ASUS-TUF-Gaming-F15-FX506LH-FX506LH:~/Documentos/ISI/GIT/ejercicio-3$ gitgraph
* 37c06b4 (HEAD -> master) creado s2
* 1b2b9f4 creado s1
propietario@propietario-ASUS-TUF-Gaming-F15-FX506LH-FX506LH:~/Documentos/ISI/GIT/ejercicio-3$ git status
En la rama master
nada para hacer commit, el árbol de trabajo está limpio
propietario@propietario-ASUS-TUF-Gaming-F15-FX506LH-FX506LH:~/Documentos/ISI/GIT/ejercicio-3$ git branch devel
propietario@propietario-ASUS-TUF-Gaming-F15-FX506LH-FX506LH:~/Documentos/ISI/GIT/ejercicio-3$ git branch bugFix
propietario@propietario-ASUS-TUF-Gaming-F15-FX506LH-FX506LH:~/Documentos/ISI/GIT/ejercicio-3$ gitgraph
* 37c06b4 (HEAD -> master, devel, bugFix) creado s2
* 1b2b9f4 creado s1
propietario@propietario-ASUS-TUF-Gaming-F15-FX506LH-FX506LH:~/Documentos/ISI/GIT/ejercicio-3$ git branch
  bugFix
  devel
* master
propietario@propietario-ASUS-TUF-Gaming-F15-FX506LH-FX506LH:~/Documentos/ISI/GIT/ejercicio-3$ git checkout devel
Cambiado a rama 'devel'
propietario@propietario-ASUS-TUF-Gaming-F15-FX506LH-FX506LH:~/Documentos/ISI/GIT/ejercicio-3$ git branch
  bugFix
* devel
  master
propietario@propietario-ASUS-TUF-Gaming-F15-FX506LH-FX506LH:~/Documentos/ISI/GIT/ejercicio-3$ echo "Fregona" >> s1
propietario@propietario-ASUS-TUF-Gaming-F15-FX506LH-FX506LH:~/Documentos/ISI/GIT/ejercicio-3$ git commit -a -m "añadida Fregona"
[devel a010e1a] añadida Fregona
 1 file changed, 1 insertion(+)
propietario@propietario-ASUS-TUF-Gaming-F15-FX506LH-FX506LH:~/Documentos/ISI/GIT/ejercicio-3$ cat s1
Leche
Tomate pelado
Tomate ecológico
Queso
Yoghourt griego
Fregona
propietario@propietario-ASUS-TUF-Gaming-F15-FX506LH-FX506LH:~/Documentos/ISI/GIT/ejercicio-3$ git checkout bugFix
Cambiado a rama 'bugFix'
propietario@propietario-ASUS-TUF-Gaming-F15-FX506LH-FX506LH:~/Documentos/ISI/GIT/ejercicio-3$ cat s1
Leche
Tomate pelado
Tomate ecológico
Queso
Yoghourt griego
propietario@propietario-ASUS-TUF-Gaming-F15-FX506LH-FX506LH:~/Documentos/ISI/GIT/ejercicio-3$ git checkout devel
Cambiado a rama 'devel'
propietario@propietario-ASUS-TUF-Gaming-F15-FX506LH-FX506LH:~/Documentos/ISI/GIT/ejercicio-3$ cat s1
Leche
Tomate pelado
Tomate ecológico
Queso
Yoghourt griego
Fregona
propietario@propietario-ASUS-TUF-Gaming-F15-FX506LH-FX506LH:~/Documentos/ISI/GIT/ejercicio-3$ git checkout bugFix
Cambiado a rama 'bugFix'
propietario@propietario-ASUS-TUF-Gaming-F15-FX506LH-FX506LH:~/Documentos/ISI/GIT/ejercicio-3$ nano s1
propietario@propietario-ASUS-TUF-Gaming-F15-FX506LH-FX506LH:~/Documentos/ISI/GIT/ejercicio-3$ git diff
diff --git a/s1 b/s1
index 5aad170..9384b0e 100644
--- a/s1
+++ b/s1
@@ -1,4 +1,4 @@
-Leche
+Leche desnatada
 Tomate pelado
 Tomate ecológico
 Queso
propietario@propietario-ASUS-TUF-Gaming-F15-FX506LH-FX506LH:~/Documentos/ISI/GIT/ejercicio-3$ git diff --staged
propietario@propietario-ASUS-TUF-Gaming-F15-FX506LH-FX506LH:~/Documentos/ISI/GIT/ejercicio-3$ gitgraph
* a010e1a (devel) añadida Fregona
* 37c06b4 (HEAD -> bugFix, master) creado s2
* 1b2b9f4 creado s1
propietario@propietario-ASUS-TUF-Gaming-F15-FX506LH-FX506LH:~/Documentos/ISI/GIT/ejercicio-3$ git log
commit 37c06b408e665d80b3bcaadb530e3129a185a00e (HEAD -> bugFix, master)
Author: MTB <miribuenot@gmail.com>
Date:   Sun Nov 2 10:33:31 2025 +0100

    creado s2

commit 1b2b9f4a7e5c47ee068c6f53ceaf04bea7c144df
Author: MTB <miribuenot@gmail.com>
Date:   Sun Nov 2 10:31:34 2025 +0100

    creado s1
propietario@propietario-ASUS-TUF-Gaming-F15-FX506LH-FX506LH:~/Documentos/ISI/GIT/ejercicio-3$ git status
En la rama bugFix
Cambios no rastreados para el commit:
  (usa "git add <archivo>..." para actualizar lo que será confirmado)
  (usa "git restore <archivo>..." para descartar los cambios en el directorio de trabajo)
	modificados:     s1

sin cambios agregados al commit (usa "git add" y/o "git commit -a")
propietario@propietario-ASUS-TUF-Gaming-F15-FX506LH-FX506LH:~/Documentos/ISI/GIT/ejercicio-3$ git commit -a -m "Cambiada Leche por Leche desnatada"
[bugFix 2770ecb] Cambiada Leche por Leche desnatada
 1 file changed, 1 insertion(+), 1 deletion(-)
propietario@propietario-ASUS-TUF-Gaming-F15-FX506LH-FX506LH:~/Documentos/ISI/GIT/ejercicio-3$ git diff
propietario@propietario-ASUS-TUF-Gaming-F15-FX506LH-FX506LH:~/Documentos/ISI/GIT/ejercicio-3$ git diff --staged
propietario@propietario-ASUS-TUF-Gaming-F15-FX506LH-FX506LH:~/Documentos/ISI/GIT/ejercicio-3$ gitgraph
* 2770ecb (HEAD -> bugFix) Cambiada Leche por Leche desnatada
| * a010e1a (devel) añadida Fregona
|/  
* 37c06b4 (master) creado s2
* 1b2b9f4 creado s1
propietario@propietario-ASUS-TUF-Gaming-F15-FX506LH-FX506LH:~/Documentos/ISI/GIT/ejercicio-3$ 
